------------------------------------------------------------
TimeQuest Timing Analyzer Summary
------------------------------------------------------------

Type  : Slow Model Setup 'Clock2Hz:clk2|clk2'
Slack : -8.929
TNS   : -558.641

Type  : Slow Model Setup 'CLOCK_50'
Slack : -7.305
TNS   : -303.243

Type  : Slow Model Setup 'RomInstMem:memoria|altsyncram:altsyncram_component|altsyncram_mq81:auto_generated|ram_block1a0~porta_address_reg0'
Slack : -6.445
TNS   : -48.566

Type  : Slow Model Hold 'RomInstMem:memoria|altsyncram:altsyncram_component|altsyncram_mq81:auto_generated|ram_block1a0~porta_address_reg0'
Slack : -4.025
TNS   : -29.183

Type  : Slow Model Hold 'CLOCK_50'
Slack : -2.538
TNS   : -3.156

Type  : Slow Model Hold 'Clock2Hz:clk2|clk2'
Slack : 0.529
TNS   : 0.000

Type  : Slow Model Minimum Pulse Width 'CLOCK_50'
Slack : -2.000
TNS   : -224.916

Type  : Slow Model Minimum Pulse Width 'RomInstMem:memoria|altsyncram:altsyncram_component|altsyncram_mq81:auto_generated|ram_block1a0~porta_address_reg0'
Slack : -1.165
TNS   : -69.652

Type  : Slow Model Minimum Pulse Width 'Clock2Hz:clk2|clk2'
Slack : -0.500
TNS   : -120.000

Type  : Fast Model Setup 'Clock2Hz:clk2|clk2'
Slack : -4.224
TNS   : -256.173

Type  : Fast Model Setup 'CLOCK_50'
Slack : -3.369
TNS   : -102.541

Type  : Fast Model Setup 'RomInstMem:memoria|altsyncram:altsyncram_component|altsyncram_mq81:auto_generated|ram_block1a0~porta_address_reg0'
Slack : -2.581
TNS   : -19.485

Type  : Fast Model Hold 'RomInstMem:memoria|altsyncram:altsyncram_component|altsyncram_mq81:auto_generated|ram_block1a0~porta_address_reg0'
Slack : -2.109
TNS   : -15.904

Type  : Fast Model Hold 'CLOCK_50'
Slack : -1.581
TNS   : -1.698

Type  : Fast Model Hold 'Clock2Hz:clk2|clk2'
Slack : 0.245
TNS   : 0.000

Type  : Fast Model Minimum Pulse Width 'CLOCK_50'
Slack : -2.000
TNS   : -224.916

Type  : Fast Model Minimum Pulse Width 'Clock2Hz:clk2|clk2'
Slack : -0.500
TNS   : -120.000

Type  : Fast Model Minimum Pulse Width 'RomInstMem:memoria|altsyncram:altsyncram_component|altsyncram_mq81:auto_generated|ram_block1a0~porta_address_reg0'
Slack : -0.243
TNS   : -10.730

------------------------------------------------------------
